C51 COMPILER V9.01   MAIN                                                                  07/12/2018 21:17:46 PAGE 1   


C51 COMPILER V9.01, COMPILATION OF MODULE MAIN
OBJECT MODULE PLACED IN main.OBJ
COMPILER INVOKED BY: D:\keil\C51\BIN\C51.EXE main.c BROWSE DEBUG OBJECTEXTEND

line level    source

   1          #include <reg51.h>
   2          #include <intrins.h>
   3          #include "motor.h"
   4          #include "ps2.h"
   5          #include "Launcher.h"
   6          
   7          
   8          void main()
   9          { 
  10   1              uchar key; 
  11   1                      
  12   1              EA = 1;
  13   1              Timer1_Init();
  14   1              init0();
  15   1                      
  16   1              while(1)
  17   1              {
  18   2                                                                                                                                                                                                                                                                                                                                                                                                                                                                                                                                                                                                                                                                                                                                                      
  19   2                      key=PS2_DataKey();
  20   2      
  21   2                      if(key == 2)               
  22   2                      {
  23   3                              delay(10);
  24   3                              while(1)
  25   3                              {
  26   4                              
  27   4                              key=PS2_DataKey();
  28   4                                      
  29   4                              switch(key)
  30   4                              {
  31   5                              case 0 : stop(); //不按的时候
  32   5                                         ET1=0;
  33   5                                         key=100;       break;
  34   5                              case 13:  stright();//前进
  35   5                                             key=100;   break;
  36   5                              case 16:  left();        //左转
  37   5                                                 key=100;       break;
  38   5                              case 15:  back();        //后退
  39   5                                                 key=100;       break;
  40   5                              case 14:   right(); //右转
  41   5                                                 key=100;       break;
  42   5                              case 1:  stright1();  //两轮前进
  43   5                                             key=100;   break;
  44   5                              case 2:  stop();     //停止
  45   5                                             key=100;   break;
  46   5                              case 9:  Launcherb(); //发射出去
  47   5                                                 key=100;       break;
  48   5                              case 11: Launcherc(); //收回
  49   5                                             key=100;   break;
  50   5                              case 12: Launchera(); //发射后收回
  51   5                                             key=100;   break;
  52   5                              case 8: ET1=1;DIR=0; //驱动步进电机方向2
  53   5                                                 key=100;       break;
  54   5                              case 6: ET1=1;DIR=1; //驱动步进电机方向1
  55   5                                                 key=100;       break;
C51 COMPILER V9.01   MAIN                                                                  07/12/2018 21:17:46 PAGE 2   

  56   5                              case 7: count -= 2;  //摩擦轮减速
  57   5                                                 key=100;       break;
  58   5                              case 5: count += 2;  //摩擦轮加速
  59   5                                                 key=100;   break;
  60   5                              case 4: back1();  //后退1
  61   5                                                 key=100;   break;
  62   5                              }
  63   4                              delay(5);
  64   4      
  65   4                                
  66   4                      }       }  }    }   
  67          
  68          


MODULE INFORMATION:   STATIC OVERLAYABLE
   CODE SIZE        =   1159    ----
   CONSTANT SIZE    =     18    ----
   XDATA SIZE       =   ----    ----
   PDATA SIZE       =   ----    ----
   DATA SIZE        =     15       5
   IDATA SIZE       =   ----    ----
   BIT SIZE         =   ----    ----
END OF MODULE INFORMATION.


C51 COMPILATION COMPLETE.  0 WARNING(S),  0 ERROR(S)
